app/submit-inspection/page.tsx(1722,147): error TS2322: Type '{ label: string; name: string; value: string; onChange: (e: ChangeEvent<HTMLInputElement | HTMLTextAreaElement | HTMLSelectElement>) => void; optional: true; invalid: boolean; error: string; }' is not assignable to type 'IntrinsicAttributes & PhoneInputFieldProps'.
  Property 'optional' does not exist on type 'IntrinsicAttributes & PhoneInputFieldProps'.
